// Jest Snapshot v1, https://goo.gl/fbAQLP

exports[`Testing POST /api/models/cars/5cd5308e695db945d3cc81b1 Simple get one route 1`] = `
Object {
  "data": Object {
    "_id": "5cd5308e695db945d3cc81b1",
    "createdAt": "2021-04-02T00:00:00.000Z",
    "manufacturer": "Porsche",
    "name": "Porsche 356",
    "updatedAt": "2021-04-02T00:00:00.000Z",
    "user_id": Object {
      "id": "5cd5308e695db945d3cc81a1",
      "label": "5cd5308e695db945d3cc81a1",
      "type": "ref",
    },
    "year": 1948,
  },
  "linkedModels": Array [],
}
`;

exports[`Testing POST /api/models/users/5cd5308e695db945d3cc81a1 Simple get one route 1`] = `
Object {
  "data": Object {
    "_id": "5cd5308e695db945d3cc81a1",
    "birthdate": "2021-04-02T00:00:00.000Z",
    "createdAt": "2021-04-02T00:00:00.000Z",
    "firstname": "John",
    "lastname": "Doe",
    "rating": 4,
    "updatedAt": "2021-04-02T00:00:00.000Z",
  },
  "linkedModels": Array [
    Object {
      "ref_field": "user_id",
      "slug": "cars",
    },
  ],
}
`;
